---
source: src/lib.rs
expression: languages_toml
input_file: test_data/python
snapshot_kind: text
---
[[language]]
name = "c"
indent = { unit = "    ", tab-width = 4 }
formatter = { command = "ec2hx", args = ["trim-trailing-whitespace"] }
auto-format = true

[[language]]
name = "cpp"
indent = { unit = "    ", tab-width = 4 }
formatter = { command = "ec2hx", args = ["trim-trailing-whitespace"] }
auto-format = true

[[language]]
name = "javascript"
indent = { unit = "  ", tab-width = 2 }
formatter = { command = "ec2hx", args = ["trim-trailing-whitespace"] }
auto-format = true

[[language]]
name = "markdown"
indent = { unit = "  ", tab-width = 2 }
formatter = { command = "ec2hx", args = ["trim-trailing-whitespace"] }
auto-format = true

[[language]]
name = "python"
indent = { unit = "    ", tab-width = 4 }
formatter = { command = "ec2hx", args = ["trim-trailing-whitespace"] }
auto-format = true

[[language]]
name = "rst"
indent = { unit = "   ", tab-width = 3 }
formatter = { command = "ec2hx", args = ["trim-trailing-whitespace"] }
auto-format = true

[[language]]
name = "yaml"
indent = { unit = "  ", tab-width = 2 }
formatter = { command = "ec2hx", args = ["trim-trailing-whitespace"] }
auto-format = true
