---
source: src/lib.rs
expression: languages_toml
snapshot_kind: text
---
# language-specific settings:

[[language]]
name = "awk"
indent = { unit = "\t", tab-width = 4 }

[[language]]
name = "bash"
indent = { unit = "  ", tab-width = 2 }

[[language]]
name = "c"
indent = { unit = "\t", tab-width = 4 }

[[language]]
name = "common-lisp"
indent = { unit = "\t", tab-width = 4 }

[[language]]
name = "cpp"
indent = { unit = "\t", tab-width = 4 }

[[language]]
name = "d"
indent = { unit = "\t", tab-width = 4 }

[[language]]
name = "diff"
indent = { unit = "  ", tab-width = 2 }

[[language]]
name = "dtd"
indent = { unit = "    ", tab-width = 4 }
formatter = { command = "ec2hx", args = ["trim-trailing-whitespace"] }
auto-format = true

[[language]]
name = "ec2hx-unknown-lang-*.ac"
scope = "text.plain"
file-types = [{ glob = "*.ac" }]
indent = { unit = "  ", tab-width = 2 }
formatter = { command = "ec2hx", args = ["trim-trailing-whitespace"] }
auto-format = true

[[language]]
name = "ec2hx-unknown-lang-*.bat"
scope = "text.plain"
file-types = [{ glob = "*.bat" }]
indent = { unit = "\t", tab-width = 4 }
formatter = { command = "ec2hx", args = ["trim-trailing-whitespace"] }
auto-format = true

[[language]]
name = "ec2hx-unknown-lang-*.dasc"
scope = "text.plain"
file-types = [{ glob = "*.dasc" }]
indent = { unit = "\t", tab-width = 4 }
formatter = { command = "ec2hx", args = ["trim-trailing-whitespace"] }
auto-format = true

[[language]]
name = "ec2hx-unknown-lang-*.m4"
scope = "text.plain"
file-types = [{ glob = "*.m4" }]
indent = { unit = "  ", tab-width = 2 }
formatter = { command = "ec2hx", args = ["trim-trailing-whitespace"] }
auto-format = true

[[language]]
name = "ec2hx-unknown-lang-*.phpt"
scope = "text.plain"
file-types = [{ glob = "*.phpt" }]
indent = { unit = "    ", tab-width = 4 }
formatter = { command = "ec2hx", args = ["trim-trailing-whitespace"] }
auto-format = true

[[language]]
name = "ec2hx-unknown-lang-*.re"
scope = "text.plain"
file-types = [{ glob = "*.re" }]
indent = { unit = "\t", tab-width = 4 }
formatter = { command = "ec2hx", args = ["trim-trailing-whitespace"] }
auto-format = true

[[language]]
name = "ec2hx-unknown-lang-*.skl"
scope = "text.plain"
file-types = [{ glob = "*.skl" }]
indent = { unit = "\t", tab-width = 4 }
formatter = { command = "ec2hx", args = ["trim-trailing-whitespace"] }
auto-format = true

[[language]]
name = "ec2hx-unknown-lang-*.w32"
scope = "text.plain"
file-types = [{ glob = "*.w32" }]
indent = { unit = "\t", tab-width = 4 }
formatter = { command = "ec2hx", args = ["trim-trailing-whitespace"] }
auto-format = true

[[language]]
name = "ec2hx-unknown-lang-*.xsl"
scope = "text.plain"
file-types = [{ glob = "*.xsl" }]
indent = { unit = "    ", tab-width = 4 }
formatter = { command = "ec2hx", args = ["trim-trailing-whitespace"] }
auto-format = true

[[language]]
name = "ec2hx-unknown-lang-*.y"
scope = "text.plain"
file-types = [{ glob = "*.y" }]
indent = { unit = "\t", tab-width = 4 }
formatter = { command = "ec2hx", args = ["trim-trailing-whitespace"] }
auto-format = true

[[language]]
name = "ec2hx-unknown-lang-Makefile*"
scope = "text.plain"
file-types = [{ glob = "Makefile*" }]
indent = { unit = "\t", tab-width = 4 }
formatter = { command = "ec2hx", args = ["trim-trailing-whitespace"] }
auto-format = true

[[language]]
name = "git-commit"
indent = { unit = "    ", tab-width = 4 }
text-width = 80
rulers = [81]
formatter = { command = "ec2hx", args = ["trim-trailing-whitespace"] }
auto-format = true

[[language]]
name = "html"
indent = { unit = "    ", tab-width = 4 }

[[language]]
name = "markdown"
indent = { unit = "  ", tab-width = 2 }
text-width = 80
rulers = [81]

[[language]]
name = "php"
indent = { unit = "    ", tab-width = 4 }

[[language]]
name = "rst"
text-width = 100
rulers = [101]
formatter = { command = "ec2hx", args = ["trim-trailing-whitespace"] }
auto-format = true

[[language]]
name = "xml"
indent = { unit = "    ", tab-width = 4 }
formatter = { command = "ec2hx", args = ["trim-trailing-whitespace"] }
auto-format = true

[[language]]
name = "yaml"
indent = { unit = "  ", tab-width = 2 }

################################################################################

# global settings, applied equally to all remaining languages:

[[language]]
name = "adl"
indent = { unit = "  ", tab-width = 2 }
formatter = { command = "ec2hx", args = ["trim-trailing-whitespace"] }
auto-format = true

[[language]]
name = "agda"
indent = { unit = "  ", tab-width = 2 }
formatter = { command = "ec2hx", args = ["trim-trailing-whitespace"] }
auto-format = true

[[language]]
name = "amber"
indent = { unit = "    ", tab-width = 4 }
formatter = { command = "ec2hx", args = ["trim-trailing-whitespace"] }
auto-format = true

[[language]]
name = "astro"
indent = { unit = "  ", tab-width = 2 }
formatter = { command = "ec2hx", args = ["trim-trailing-whitespace"] }
auto-format = true

[[language]]
name = "beancount"
indent = { unit = "  ", tab-width = 2 }
formatter = { command = "ec2hx", args = ["trim-trailing-whitespace"] }
auto-format = true

[[language]]
name = "bibtex"
indent = { unit = "\t", tab-width = 4 }

[[language]]
name = "blade"
formatter = { command = "ec2hx", args = ["trim-trailing-whitespace"] }
auto-format = true

[[language]]
name = "c-sharp"
indent = { unit = "\t", tab-width = 4 }

[[language]]
name = "capnp"
indent = { unit = "  ", tab-width = 2 }
formatter = { command = "ec2hx", args = ["trim-trailing-whitespace"] }
auto-format = true

[[language]]
name = "cel"
indent = { unit = "  ", tab-width = 2 }
formatter = { command = "ec2hx", args = ["trim-trailing-whitespace"] }
auto-format = true

[[language]]
name = "comment"
formatter = { command = "ec2hx", args = ["trim-trailing-whitespace"] }
auto-format = true

[[language]]
name = "cpon"
indent = { unit = "  ", tab-width = 2 }
formatter = { command = "ec2hx", args = ["trim-trailing-whitespace"] }
auto-format = true

[[language]]
name = "cue"
indent = { unit = "\t", tab-width = 4 }

[[language]]
name = "cylc"
indent = { unit = "    ", tab-width = 4 }
formatter = { command = "ec2hx", args = ["trim-trailing-whitespace"] }
auto-format = true

[[language]]
name = "dbml"
indent = { unit = "  ", tab-width = 2 }
formatter = { command = "ec2hx", args = ["trim-trailing-whitespace"] }
auto-format = true

[[language]]
name = "devicetree"
indent = { unit = "\t", tab-width = 4 }
formatter = { command = "ec2hx", args = ["trim-trailing-whitespace"] }
auto-format = true

[[language]]
name = "ec2hx-global-fallback-plain-text"
scope = "text.plain"
file-types = [{ glob = "*.txt" }]
formatter = { command = "ec2hx", args = ["trim-trailing-whitespace"] }
auto-format = true

[[language]]
name = "edoc"
indent = { unit = "    ", tab-width = 4 }
formatter = { command = "ec2hx", args = ["trim-trailing-whitespace"] }
auto-format = true

[[language]]
name = "eex"
indent = { unit = "  ", tab-width = 2 }
formatter = { command = "ec2hx", args = ["trim-trailing-whitespace"] }
auto-format = true

[[language]]
name = "ejs"
indent = { unit = "  ", tab-width = 2 }
formatter = { command = "ec2hx", args = ["trim-trailing-whitespace"] }
auto-format = true

[[language]]
name = "elisp"
formatter = { command = "ec2hx", args = ["trim-trailing-whitespace"] }
auto-format = true

[[language]]
name = "env"
indent = { unit = "\t", tab-width = 4 }
formatter = { command = "ec2hx", args = ["trim-trailing-whitespace"] }
auto-format = true

[[language]]
name = "erb"
indent = { unit = "  ", tab-width = 2 }
formatter = { command = "ec2hx", args = ["trim-trailing-whitespace"] }
auto-format = true

[[language]]
name = "esdl"
indent = { unit = "  ", tab-width = 2 }
formatter = { command = "ec2hx", args = ["trim-trailing-whitespace"] }
auto-format = true

[[language]]
name = "fidl"
indent = { unit = "    ", tab-width = 4 }
formatter = { command = "ec2hx", args = ["trim-trailing-whitespace"] }
auto-format = true

[[language]]
name = "gas"
indent = { unit = "        ", tab-width = 8 }
formatter = { command = "ec2hx", args = ["trim-trailing-whitespace"] }
auto-format = true

[[language]]
name = "gdscript"
indent = { unit = "\t", tab-width = 4 }

[[language]]
name = "gemini"
formatter = { command = "ec2hx", args = ["trim-trailing-whitespace"] }
auto-format = true

[[language]]
name = "gherkin"
indent = { unit = "  ", tab-width = 2 }
formatter = { command = "ec2hx", args = ["trim-trailing-whitespace"] }
auto-format = true

[[language]]
name = "git-attributes"
formatter = { command = "ec2hx", args = ["trim-trailing-whitespace"] }
auto-format = true

[[language]]
name = "git-config"
indent = { unit = "\t", tab-width = 4 }
formatter = { command = "ec2hx", args = ["trim-trailing-whitespace"] }
auto-format = true

[[language]]
name = "git-ignore"
formatter = { command = "ec2hx", args = ["trim-trailing-whitespace"] }
auto-format = true

[[language]]
name = "git-rebase"
indent = { unit = "\t", tab-width = 4 }
formatter = { command = "ec2hx", args = ["trim-trailing-whitespace"] }
auto-format = true

[[language]]
name = "go"
indent = { unit = "\t", tab-width = 4 }

[[language]]
name = "godot-resource"
indent = { unit = "\t", tab-width = 4 }
formatter = { command = "ec2hx", args = ["trim-trailing-whitespace"] }
auto-format = true

[[language]]
name = "gomod"
indent = { unit = "\t", tab-width = 4 }

[[language]]
name = "gowork"
indent = { unit = "\t", tab-width = 4 }

[[language]]
name = "groovy"
indent = { unit = "  ", tab-width = 2 }
formatter = { command = "ec2hx", args = ["trim-trailing-whitespace"] }
auto-format = true

[[language]]
name = "hare"
indent = { unit = "\t", tab-width = 4 }
formatter = { command = "ec2hx", args = ["trim-trailing-whitespace"] }
auto-format = true

[[language]]
name = "haskell-persistent"
indent = { unit = "  ", tab-width = 2 }
formatter = { command = "ec2hx", args = ["trim-trailing-whitespace"] }
auto-format = true

[[language]]
name = "hocon"
indent = { unit = "  ", tab-width = 2 }
formatter = { command = "ec2hx", args = ["trim-trailing-whitespace"] }
auto-format = true

[[language]]
name = "hoon"
indent = { unit = "  ", tab-width = 2 }
formatter = { command = "ec2hx", args = ["trim-trailing-whitespace"] }
auto-format = true

[[language]]
name = "hosts"
formatter = { command = "ec2hx", args = ["trim-trailing-whitespace"] }
auto-format = true

[[language]]
name = "iex"
formatter = { command = "ec2hx", args = ["trim-trailing-whitespace"] }
auto-format = true

[[language]]
name = "ini"
indent = { unit = "\t", tab-width = 4 }
formatter = { command = "ec2hx", args = ["trim-trailing-whitespace"] }
auto-format = true

[[language]]
name = "jinja"
indent = { unit = "  ", tab-width = 2 }
formatter = { command = "ec2hx", args = ["trim-trailing-whitespace"] }
auto-format = true

[[language]]
name = "jjdescription"
indent = { unit = "  ", tab-width = 2 }
formatter = { command = "ec2hx", args = ["trim-trailing-whitespace"] }
auto-format = true

[[language]]
name = "jsdoc"
indent = { unit = "  ", tab-width = 2 }
formatter = { command = "ec2hx", args = ["trim-trailing-whitespace"] }
auto-format = true

[[language]]
name = "just"
indent = { unit = "    ", tab-width = 4 }
formatter = { command = "ec2hx", args = ["trim-trailing-whitespace"] }
auto-format = true

[[language]]
name = "kdl"
formatter = { command = "ec2hx", args = ["trim-trailing-whitespace"] }
auto-format = true

[[language]]
name = "latex"
indent = { unit = "\t", tab-width = 4 }

[[language]]
name = "ld"
indent = { unit = "  ", tab-width = 2 }
formatter = { command = "ec2hx", args = ["trim-trailing-whitespace"] }
auto-format = true

[[language]]
name = "ldif"
formatter = { command = "ec2hx", args = ["trim-trailing-whitespace"] }
auto-format = true

[[language]]
name = "ledger"
indent = { unit = "    ", tab-width = 4 }
formatter = { command = "ec2hx", args = ["trim-trailing-whitespace"] }
auto-format = true

[[language]]
name = "llvm"
indent = { unit = "  ", tab-width = 2 }
formatter = { command = "ec2hx", args = ["trim-trailing-whitespace"] }
auto-format = true

[[language]]
name = "llvm-mir"
indent = { unit = "  ", tab-width = 2 }
formatter = { command = "ec2hx", args = ["trim-trailing-whitespace"] }
auto-format = true

[[language]]
name = "llvm-mir-yaml"
indent = { unit = "  ", tab-width = 2 }
formatter = { command = "ec2hx", args = ["trim-trailing-whitespace"] }
auto-format = true

[[language]]
name = "log"
formatter = { command = "ec2hx", args = ["trim-trailing-whitespace"] }
auto-format = true

[[language]]
name = "lpf"
formatter = { command = "ec2hx", args = ["trim-trailing-whitespace"] }
auto-format = true

[[language]]
name = "make"
indent = { unit = "\t", tab-width = 4 }
formatter = { command = "ec2hx", args = ["trim-trailing-whitespace"] }
auto-format = true

[[language]]
name = "markdown.inline"
formatter = { command = "ec2hx", args = ["trim-trailing-whitespace"] }
auto-format = true

[[language]]
name = "matlab"
indent = { unit = "  ", tab-width = 2 }
formatter = { command = "ec2hx", args = ["trim-trailing-whitespace"] }
auto-format = true

[[language]]
name = "mermaid"
indent = { unit = "    ", tab-width = 4 }
formatter = { command = "ec2hx", args = ["trim-trailing-whitespace"] }
auto-format = true

[[language]]
name = "msbuild"
indent = { unit = "  ", tab-width = 2 }
formatter = { command = "ec2hx", args = ["trim-trailing-whitespace"] }
auto-format = true

[[language]]
name = "nasm"
indent = { unit = "        ", tab-width = 8 }
formatter = { command = "ec2hx", args = ["trim-trailing-whitespace"] }
auto-format = true

[[language]]
name = "nestedtext"
indent = { unit = "    ", tab-width = 4 }
formatter = { command = "ec2hx", args = ["trim-trailing-whitespace"] }
auto-format = true

[[language]]
name = "nginx"
indent = { unit = "    ", tab-width = 4 }
formatter = { command = "ec2hx", args = ["trim-trailing-whitespace"] }
auto-format = true

[[language]]
name = "nunjucks"
indent = { unit = "  ", tab-width = 2 }
formatter = { command = "ec2hx", args = ["trim-trailing-whitespace"] }
auto-format = true

[[language]]
name = "odin"
indent = { unit = "\t", tab-width = 4 }

[[language]]
name = "ohm"
indent = { unit = "  ", tab-width = 2 }
formatter = { command = "ec2hx", args = ["trim-trailing-whitespace"] }
auto-format = true

[[language]]
name = "openscad"
indent = { unit = "\t", tab-width = 4 }

[[language]]
name = "org"
indent = { unit = "  ", tab-width = 2 }
formatter = { command = "ec2hx", args = ["trim-trailing-whitespace"] }
auto-format = true

[[language]]
name = "passwd"
formatter = { command = "ec2hx", args = ["trim-trailing-whitespace"] }
auto-format = true

[[language]]
name = "pem"
formatter = { command = "ec2hx", args = ["trim-trailing-whitespace"] }
auto-format = true

[[language]]
name = "php-only"
indent = { unit = "    ", tab-width = 4 }
formatter = { command = "ec2hx", args = ["trim-trailing-whitespace"] }
auto-format = true

[[language]]
name = "pkl"
indent = { unit = "  ", tab-width = 2 }
formatter = { command = "ec2hx", args = ["trim-trailing-whitespace"] }
auto-format = true

[[language]]
name = "po"
formatter = { command = "ec2hx", args = ["trim-trailing-whitespace"] }
auto-format = true

[[language]]
name = "pod"
formatter = { command = "ec2hx", args = ["trim-trailing-whitespace"] }
auto-format = true

[[language]]
name = "ponylang"
indent = { unit = "  ", tab-width = 2 }
formatter = { command = "ec2hx", args = ["trim-trailing-whitespace"] }
auto-format = true

[[language]]
name = "powershell"
indent = { unit = "    ", tab-width = 4 }
formatter = { command = "ec2hx", args = ["trim-trailing-whitespace"] }
auto-format = true

[[language]]
name = "prql"
indent = { unit = "    ", tab-width = 4 }
formatter = { command = "ec2hx", args = ["trim-trailing-whitespace"] }
auto-format = true

[[language]]
name = "regex"
formatter = { command = "ec2hx", args = ["trim-trailing-whitespace"] }
auto-format = true

[[language]]
name = "ron"
indent = { unit = "    ", tab-width = 4 }
formatter = { command = "ec2hx", args = ["trim-trailing-whitespace"] }
auto-format = true

[[language]]
name = "sage"
indent = { unit = "    ", tab-width = 4 }
formatter = { command = "ec2hx", args = ["trim-trailing-whitespace"] }
auto-format = true

[[language]]
name = "scheme"
indent = { unit = "  ", tab-width = 2 }
formatter = { command = "ec2hx", args = ["trim-trailing-whitespace"] }
auto-format = true

[[language]]
name = "smali"
indent = { unit = "    ", tab-width = 4 }
formatter = { command = "ec2hx", args = ["trim-trailing-whitespace"] }
auto-format = true

[[language]]
name = "sml"
formatter = { command = "ec2hx", args = ["trim-trailing-whitespace"] }
auto-format = true

[[language]]
name = "spicedb"
indent = { unit = "  ", tab-width = 2 }
formatter = { command = "ec2hx", args = ["trim-trailing-whitespace"] }
auto-format = true

[[language]]
name = "sql"
indent = { unit = "    ", tab-width = 4 }
formatter = { command = "ec2hx", args = ["trim-trailing-whitespace"] }
auto-format = true

[[language]]
name = "sshclientconfig"
formatter = { command = "ec2hx", args = ["trim-trailing-whitespace"] }
auto-format = true

[[language]]
name = "starlark"
indent = { unit = "    ", tab-width = 4 }
formatter = { command = "ec2hx", args = ["trim-trailing-whitespace"] }
auto-format = true

[[language]]
name = "strace"
formatter = { command = "ec2hx", args = ["trim-trailing-whitespace"] }
auto-format = true

[[language]]
name = "supercollider"
indent = { unit = "\t", tab-width = 4 }
formatter = { command = "ec2hx", args = ["trim-trailing-whitespace"] }
auto-format = true

[[language]]
name = "t32"
indent = { unit = "  ", tab-width = 2 }
formatter = { command = "ec2hx", args = ["trim-trailing-whitespace"] }
auto-format = true

[[language]]
name = "tablegen"
indent = { unit = "  ", tab-width = 2 }
formatter = { command = "ec2hx", args = ["trim-trailing-whitespace"] }
auto-format = true

[[language]]
name = "tact"
indent = { unit = "    ", tab-width = 4 }
formatter = { command = "ec2hx", args = ["trim-trailing-whitespace"] }
auto-format = true

[[language]]
name = "task"
indent = { unit = "  ", tab-width = 2 }
formatter = { command = "ec2hx", args = ["trim-trailing-whitespace"] }
auto-format = true

[[language]]
name = "tcl"
formatter = { command = "ec2hx", args = ["trim-trailing-whitespace"] }
auto-format = true

[[language]]
name = "thrift"
indent = { unit = "  ", tab-width = 2 }
formatter = { command = "ec2hx", args = ["trim-trailing-whitespace"] }
auto-format = true

[[language]]
name = "twig"
indent = { unit = "  ", tab-width = 2 }
formatter = { command = "ec2hx", args = ["trim-trailing-whitespace"] }
auto-format = true

[[language]]
name = "ungrammar"
indent = { unit = "  ", tab-width = 2 }
formatter = { command = "ec2hx", args = ["trim-trailing-whitespace"] }
auto-format = true

[[language]]
name = "unison"
indent = { unit = "    ", tab-width = 4 }
formatter = { command = "ec2hx", args = ["trim-trailing-whitespace"] }
auto-format = true

[[language]]
name = "uxntal"
formatter = { command = "ec2hx", args = ["trim-trailing-whitespace"] }
auto-format = true

[[language]]
name = "v"
indent = { unit = "\t", tab-width = 4 }

[[language]]
name = "vento"
indent = { unit = "    ", tab-width = 4 }
formatter = { command = "ec2hx", args = ["trim-trailing-whitespace"] }
auto-format = true

[[language]]
name = "vhs"
indent = { unit = "  ", tab-width = 2 }
formatter = { command = "ec2hx", args = ["trim-trailing-whitespace"] }
auto-format = true

[[language]]
name = "wast"
formatter = { command = "ec2hx", args = ["trim-trailing-whitespace"] }
auto-format = true

[[language]]
name = "wat"
formatter = { command = "ec2hx", args = ["trim-trailing-whitespace"] }
auto-format = true

[[language]]
name = "webc"
indent = { unit = "  ", tab-width = 2 }
formatter = { command = "ec2hx", args = ["trim-trailing-whitespace"] }
auto-format = true

[[language]]
name = "wit"
indent = { unit = "  ", tab-width = 2 }
formatter = { command = "ec2hx", args = ["trim-trailing-whitespace"] }
auto-format = true

[[language]]
name = "wren"
indent = { unit = "  ", tab-width = 2 }
formatter = { command = "ec2hx", args = ["trim-trailing-whitespace"] }
auto-format = true

[[language]]
name = "xit"
indent = { unit = "    ", tab-width = 4 }
formatter = { command = "ec2hx", args = ["trim-trailing-whitespace"] }
auto-format = true

[[language]]
name = "xtc"
formatter = { command = "ec2hx", args = ["trim-trailing-whitespace"] }
auto-format = true

[[language]]
name = "yuck"
indent = { unit = "  ", tab-width = 2 }
formatter = { command = "ec2hx", args = ["trim-trailing-whitespace"] }
auto-format = true
