---
source: src/lib.rs
expression: languages_toml
input_file: test_data/linux
snapshot_kind: text
---
[[language]]
name = "awk"
indent = { unit = "\t", tab-width = 8 }

[[language]]
name = "c"
indent = { unit = "\t", tab-width = 8 }

[[language]]
name = "cpp"
indent = { unit = "\t", tab-width = 8 }

[[language]]
name = "devicetree"
indent = { unit = "\t", tab-width = 8 }

[[language]]
name = "ec2hx-glob-lang-tools-perf-**.py"
scope = "source.python"
file-types = [{ glob = "tools/perf/**.py" }]
shebangs = ["python", "uv"]
roots = ["pyproject.toml", "setup.py", "poetry.lock", "pyrightconfig.json"]
comment-token = "#"
language-servers = ["ruff", "jedi", "pylsp"]
indent = { unit = "\t", tab-width = 8 }
grammar = "python"

[[language]]
name = "ec2hx-glob-lang-tools-power-**.py"
scope = "source.python"
file-types = [{ glob = "tools/power/**.py" }]
shebangs = ["python", "uv"]
roots = ["pyproject.toml", "setup.py", "poetry.lock", "pyrightconfig.json"]
comment-token = "#"
language-servers = ["ruff", "jedi", "pylsp"]
indent = { unit = "\t", tab-width = 8 }
grammar = "python"

[[language]]
name = "ec2hx-glob-lang-tools-rcu-**.py"
scope = "source.python"
file-types = [{ glob = "tools/rcu/**.py" }]
shebangs = ["python", "uv"]
roots = ["pyproject.toml", "setup.py", "poetry.lock", "pyrightconfig.json"]
comment-token = "#"
language-servers = ["ruff", "jedi", "pylsp"]
indent = { unit = "\t", tab-width = 8 }
grammar = "python"

[[language]]
name = "ec2hx-glob-lang-tools-testing-kunit-**.py"
scope = "source.python"
file-types = [{ glob = "tools/testing/kunit/**.py" }]
shebangs = ["python", "uv"]
roots = ["pyproject.toml", "setup.py", "poetry.lock", "pyrightconfig.json"]
comment-token = "#"
language-servers = ["ruff", "jedi", "pylsp"]
indent = { unit = "\t", tab-width = 8 }
grammar = "python"

[[language]]
name = "ec2hx-unknown-lang-*.dtso"
scope = "text.plain"
file-types = [{ glob = "*.dtso" }]
indent = { unit = "\t", tab-width = 8 }

[[language]]
name = "ec2hx-unknown-lang-Kconfig"
scope = "text.plain"
file-types = [{ glob = "Kconfig" }]
indent = { unit = "\t", tab-width = 8 }

[[language]]
name = "ec2hx-unknown-lang-Makefile.*"
scope = "text.plain"
file-types = [{ glob = "Makefile.*" }]
indent = { unit = "\t", tab-width = 8 }

[[language]]
name = "gas"
indent = { unit = "\t", tab-width = 8 }

[[language]]
name = "json"
indent = { unit = "    ", tab-width = 4 }

[[language]]
name = "make"
indent = { unit = "\t", tab-width = 8 }

[[language]]
name = "nasm"
indent = { unit = "\t", tab-width = 8 }

[[language]]
name = "python"
indent = { unit = "    ", tab-width = 4 }

[[language]]
name = "rust"
indent = { unit = "    ", tab-width = 4 }

[[language]]
name = "yaml"
indent = { unit = "  ", tab-width = 2 }
